INFO dasl_sync Starting DASL -> BigQuery pipeline (base URL: https://daslwebapi.azurewebsites.net)
INFO dasl_sync Loading years: [2024, 2025, 2026]
INFO dasl_sync Using service account key: C:\Repos\tabs-dasl-sync\dasl-493214-f2b53b1573dc.json
INFO dasl_sync Using service account key: C:\Repos\tabs-dasl-sync\dasl-493214-f2b53b1573dc.json
INFO dasl_sync Authenticating with DASL API
INFO dasl_sync DASL authentication successful
INFO dasl_sync Metadata: 4503 variables, 26 lookup groups, 205 schools (204 mapped)
INFO dasl_sync Finished school 001f400000EnXuz: running fact_rows=0
INFO dasl_sync Finished school 001f400000EnXx6: running fact_rows=5610
INFO dasl_sync Finished school 001f400000EnXvq: running fact_rows=5610
INFO dasl_sync Finished school 0015G000025A12n: running fact_rows=9350
INFO dasl_sync Finished school 001f400000EnXwh: running fact_rows=9350
INFO dasl_sync Finished school 001f400000EnXvw: running fact_rows=9350
INFO dasl_sync Finished school 001f400000EnXuH: running fact_rows=9350
INFO dasl_sync Finished school 001f400000EnXwl: running fact_rows=9350
INFO dasl_sync Finished school 001f400000EnXvU: running fact_rows=9350
INFO dasl_sync Finished school 0015G000029FNfL: running fact_rows=9350
INFO dasl_sync Finished school 001f400000EnXt4: running fact_rows=14960
INFO dasl_sync Finished school 0015G00001zxQFI: running fact_rows=20570
INFO dasl_sync Finished school 001f400000EnXv1: running fact_rows=26180
INFO dasl_sync Finished school 001f400000EnXtA: running fact_rows=26180
INFO dasl_sync Finished school 0015G00002P4keZ: running fact_rows=26180
INFO dasl_sync Finished school 001f400000EnXuU: running fact_rows=31790
INFO dasl_sync Finished school 001f400000EnXwW: running fact_rows=31790
INFO dasl_sync Finished school 001f400000EnXxD: running fact_rows=35530
INFO dasl_sync Finished school 0015G00002P2Sim: running fact_rows=35530
INFO dasl_sync Finished school 001f400000EnXuL: running fact_rows=35530
INFO dasl_sync Finished school 001f400000EnXtR: running fact_rows=41140
INFO dasl_sync Finished school 001f400000EnXu6: running fact_rows=46750
INFO dasl_sync Finished school 001f400000EnXvi: running fact_rows=46750
INFO dasl_sync Finished school 001f400000EnXva: running fact_rows=46750
INFO dasl_sync Finished school 001f400000EnXt3: running fact_rows=52360
INFO dasl_sync Finished school 001f400000EnXvn: running fact_rows=52360
INFO dasl_sync Finished school 001f400000EnXtn: running fact_rows=57970
INFO dasl_sync Finished school 001f400000EnXsx: running fact_rows=63580
INFO dasl_sync Finished school 001f400000EnXvp: running fact_rows=63580
INFO dasl_sync Finished school 001f400000EnXxL: running fact_rows=63580
INFO dasl_sync Finished school 001f400000EnXtk: running fact_rows=63580
INFO dasl_sync Finished school 001f400000EnXvo: running fact_rows=63580
INFO dasl_sync Finished school 001f400000EnXtu: running fact_rows=69190
INFO dasl_sync Finished school 001f400000EnXu2: running fact_rows=74800
INFO dasl_sync Finished school 001f400000EnXte: running fact_rows=74800
INFO dasl_sync Finished school 0015G0000273W9F: running fact_rows=80410
INFO dasl_sync Finished school 001f400000EnXwa: running fact_rows=86020
INFO dasl_sync Finished school 001f400000EnXtg: running fact_rows=86020
INFO dasl_sync Finished school 001f400000EnXuv: running fact_rows=86020
INFO dasl_sync Finished school 001f400000EnXuJ: running fact_rows=86020
INFO dasl_sync Finished school 001f400000EnXsz: running fact_rows=91630
INFO dasl_sync Finished school 001f400000EnXvL: running fact_rows=91630
INFO dasl_sync Finished school 001f400000EnXt8: running fact_rows=97240
INFO dasl_sync Finished school 001f400000EnXxI: running fact_rows=102850
INFO dasl_sync Finished school 001f400000EnXtt: running fact_rows=102850
INFO dasl_sync Finished school 001f400000EnXwc: running fact_rows=102850
INFO dasl_sync Finished school 0015G00001VPaU6: running fact_rows=108460
INFO dasl_sync Finished school 001f400000EnXvW: running fact_rows=108460
INFO dasl_sync Finished school 001f400000EnXvM: running fact_rows=108460
INFO dasl_sync Finished school 001f400000EnXuY: running fact_rows=114070
INFO dasl_sync Finished school 001f400000EnXtO: running fact_rows=115940
INFO dasl_sync Finished school 001f400000EnXtm: running fact_rows=121550
INFO dasl_sync Finished school 001f400000EnXvF: running fact_rows=121550
INFO dasl_sync Finished school 001f400000EnXvD: running fact_rows=127160
INFO dasl_sync Finished school 001f400000MbZZq: running fact_rows=132770
INFO dasl_sync Finished school 001f400000EnXx9: running fact_rows=138380
INFO dasl_sync Finished school 001f400000EnXwG: running fact_rows=138380
INFO dasl_sync Finished school 001f400000EnXvu: running fact_rows=138380
INFO dasl_sync Finished school 001f400000EnXtb: running fact_rows=138380
INFO dasl_sync Finished school 001f400000EnXu7: running fact_rows=143990
INFO dasl_sync Finished school 001PH00000QaVPh: running fact_rows=143990
INFO dasl_sync Finished school 001f400000EnXt2: running fact_rows=145860
INFO dasl_sync Finished school 001f400000EnXu9: running fact_rows=151470
INFO dasl_sync Finished school 001f400000EnXu8: running fact_rows=157080
INFO dasl_sync Finished school 001f400000EnXun: running fact_rows=162690
INFO dasl_sync Finished school 001f400000EnXtE: running fact_rows=162690
INFO dasl_sync Finished school 001f400000MbZaH: running fact_rows=168300
INFO dasl_sync Finished school 001f400000EnXwb: running fact_rows=168300
INFO dasl_sync Finished school 001f400000MbZaQ: running fact_rows=168300
INFO dasl_sync Finished school 001f400000EnXuV: running fact_rows=168300
INFO dasl_sync Finished school 001f400000EnXv2: running fact_rows=168300
INFO dasl_sync Finished school 001f400000EnXsu: running fact_rows=173910
INFO dasl_sync Finished school 001f400000EnXvT: running fact_rows=179520
INFO dasl_sync Finished school 001f400000EnXty: running fact_rows=179520
INFO dasl_sync Finished school 001f400000EnXuC: running fact_rows=181390
INFO dasl_sync Finished school 001f400000ZZh51: running fact_rows=181390
INFO dasl_sync Finished school 001f400000EnXu3: running fact_rows=187000
INFO dasl_sync Finished school 001f400000EnXwi: running fact_rows=192610
INFO dasl_sync Finished school 001f400000EnXsL: running fact_rows=192610
INFO dasl_sync Finished school 001f400000EnXsq: running fact_rows=196350
INFO dasl_sync Finished school 001PH00000wpwiA: running fact_rows=201960
INFO dasl_sync Finished school 0015G000025AdEx: running fact_rows=207570
INFO dasl_sync Finished school 001f400000EnXvm: running fact_rows=207570
INFO dasl_sync Finished school 001f400000EnXvg: running fact_rows=207570
INFO dasl_sync Finished school 001PH00000L5xG5: running fact_rows=213180
INFO dasl_sync Finished school 001f400000EnXv9: running fact_rows=218790
WARNING dasl_sync DASL GET https://daslwebapi.azurewebsites.net/assocSchoolData/0015G00002YH46J -> 500, retry 1/5 in 2.0s
INFO dasl_sync Finished school 0015G00002YH46J: running fact_rows=222530
INFO dasl_sync Finished school 001f400000EnXvf: running fact_rows=222530
INFO dasl_sync Finished school 001f400000EnXvk: running fact_rows=222530
INFO dasl_sync Finished school 001f400000EnXwg: running fact_rows=222530
INFO dasl_sync Finished school 001f400000EnXtT: running fact_rows=222530
INFO dasl_sync Finished school 001f4000010f0MQ: running fact_rows=222530
INFO dasl_sync Finished school 001f400000EnXur: running fact_rows=228140
INFO dasl_sync Finished school 001f400000EnXtW: running fact_rows=228140
INFO dasl_sync Finished school 001f400000EnXtv: running fact_rows=233750
INFO dasl_sync Finished school 001f400000EnXua: running fact_rows=233750
INFO dasl_sync Finished school 0015G00001VP3xo: running fact_rows=233750
INFO dasl_sync Finished school 001f400000EnXve: running fact_rows=233750
INFO dasl_sync Finished school 001f400000EnXug: running fact_rows=235620
INFO dasl_sync Finished school 001f400000EnXvX: running fact_rows=241230
INFO dasl_sync Finished school 001f400000EnXuj: running fact_rows=241230
INFO dasl_sync Finished school 001f400000EnXtw: running fact_rows=241230
INFO dasl_sync Finished school 001f400000EnXwF: running fact_rows=241230
INFO dasl_sync Finished school 001f400000EnXvr: running fact_rows=246840
INFO dasl_sync Finished school 001f400000EnXwX: running fact_rows=246840
INFO dasl_sync Finished school 001f400000EnXvP: running fact_rows=246840
INFO dasl_sync Finished school 001f400000EnXta: running fact_rows=246840
INFO dasl_sync Finished school 001PH00000oq5YU: running fact_rows=250580
INFO dasl_sync Finished school 001f400001Twyi3: running fact_rows=250580
INFO dasl_sync Finished school 001f400000EnXwT: running fact_rows=256190
INFO dasl_sync Finished school 001f400000EnXxN: running fact_rows=256190
INFO dasl_sync Finished school 001f400000EnXwR: running fact_rows=256190
INFO dasl_sync Finished school 001f400000EnXt6: running fact_rows=261800
INFO dasl_sync Finished school 001f400000EnXvc: running fact_rows=261800
INFO dasl_sync Finished school 001f400000EnXuq: running fact_rows=261800
INFO dasl_sync Finished school 001f400000EnXvK: running fact_rows=261800
INFO dasl_sync Finished school 001f400000EnXxT: running fact_rows=265540
INFO dasl_sync Finished school 001f400000EnXvQ: running fact_rows=265540
INFO dasl_sync Finished school 0015G0000259qxk: running fact_rows=271150
INFO dasl_sync Finished school 001f400000EnXtc: running fact_rows=271150
INFO dasl_sync Finished school 001f400000EnXw9: running fact_rows=274890
INFO dasl_sync Finished school 001f400000EnXtp: running fact_rows=280500
INFO dasl_sync Finished school 001f400000EnXx5: running fact_rows=286110
INFO dasl_sync Finished school 001f400000EnXut: running fact_rows=286110
INFO dasl_sync Finished school 001f400000EnXti: running fact_rows=286110
INFO dasl_sync Finished school 001f400000EnXwK: running fact_rows=286110
INFO dasl_sync Finished school 001f400000EnXt0: running fact_rows=291720
INFO dasl_sync Finished school 001f400000EnXuI: running fact_rows=297330
INFO dasl_sync Finished school 001f400000EnXw5: running fact_rows=297330
INFO dasl_sync Finished school 001f400000EnXue: running fact_rows=302940
INFO dasl_sync Finished school 001f400000EnXtK: running fact_rows=302940
INFO dasl_sync Finished school 001f400000EnXuW: running fact_rows=302940
INFO dasl_sync Finished school 001f400000MbZcJ: running fact_rows=306680
INFO dasl_sync Finished school 001f400000EnXuF: running fact_rows=310420
INFO dasl_sync Finished school 001f400000EnXsr: running fact_rows=316030
INFO dasl_sync Finished school 001f400000EnXux: running fact_rows=321640
INFO dasl_sync Finished school 001f400000EnXwk: running fact_rows=321640
INFO dasl_sync Finished school 001f400000EnXw4: running fact_rows=323510
INFO dasl_sync Finished school 001f400000EnXuD: running fact_rows=329120
INFO dasl_sync Finished school 001f400000EnXv7: running fact_rows=334730
INFO dasl_sync Finished school 001f400000EnXtd: running fact_rows=334730
INFO dasl_sync Finished school 001f400000EnXxA: running fact_rows=340340
INFO dasl_sync Finished school 001f400000EnXsM: running fact_rows=342210
INFO dasl_sync Finished school 001f400000EnXvO: running fact_rows=342210
INFO dasl_sync Finished school 001f400000EnXwH: running fact_rows=342210
INFO dasl_sync Finished school 001f400000EnXtI: running fact_rows=342210
INFO dasl_sync Finished school 001f400000EnXwj: running fact_rows=347820
INFO dasl_sync Finished school 0015G00002A8ozx: running fact_rows=353430
INFO dasl_sync Finished school 001f400000EnXww: running fact_rows=353430
INFO dasl_sync Finished school 001f400000EnXxY: running fact_rows=353430
INFO dasl_sync Finished school 001f400000EnXtY: running fact_rows=353430
INFO dasl_sync Finished school 001f400000EnXvH: running fact_rows=359040
INFO dasl_sync Finished school 001PH00000QaUoc: running fact_rows=364650
INFO dasl_sync Finished school 001f400000EnXwN: running fact_rows=370260
INFO dasl_sync Finished school 001f400000EnXtF: running fact_rows=370260
INFO dasl_sync Finished school 001f400000EnXtQ: running fact_rows=375870
INFO dasl_sync Finished school 0015G00001kbXgp: running fact_rows=381480
INFO dasl_sync Finished school 001f400000EnXtf: running fact_rows=381480
INFO dasl_sync Finished school 001f400000EnXss: running fact_rows=383350
INFO dasl_sync Finished school 001f400000EnXvG: running fact_rows=383350
INFO dasl_sync Finished school 001f400000EnXvl: running fact_rows=383350
INFO dasl_sync Finished school 001f400000EnXst: running fact_rows=388960
INFO dasl_sync Finished school 001f400000EnXv4: running fact_rows=394570
INFO dasl_sync Finished school 001f400000EnXvI: running fact_rows=394570
INFO dasl_sync Finished school 001f400000EnXuh: running fact_rows=394570
INFO dasl_sync Finished school 001f400000EnXtB: running fact_rows=394570
INFO dasl_sync Finished school 001f400000EnXtj: running fact_rows=394570
INFO dasl_sync Finished school 001f400000EnXv0: running fact_rows=400180
INFO dasl_sync Finished school 001f400000EnXuB: running fact_rows=405790
INFO dasl_sync Finished school 001f400000EnXvE: running fact_rows=405790
INFO dasl_sync Finished school 001PH00000r5J1y: running fact_rows=411400
INFO dasl_sync Finished school 0015G00002BcJyu: running fact_rows=411400
INFO dasl_sync Finished school 001f400000EnXw8: running fact_rows=417010
INFO dasl_sync Finished school 001f400000EnXv8: running fact_rows=422620
INFO dasl_sync Finished school 001f400000EnXx3: running fact_rows=428230
INFO dasl_sync Finished school 001f400000EnXu4: running fact_rows=433840
INFO dasl_sync Finished school 001f400000EnXuZ: running fact_rows=433840
INFO dasl_sync Finished school 001f400000EnXvC: running fact_rows=433840
INFO dasl_sync Finished school 0015G00002P4K4f: running fact_rows=439450
INFO dasl_sync Finished school 001f400000EnXuP: running fact_rows=439450
INFO dasl_sync Finished school 001f400000EnXuw: running fact_rows=439450
INFO dasl_sync Finished school 001f400000EnXup: running fact_rows=439450
INFO dasl_sync Finished school 001f400000MbZcg: running fact_rows=439450
INFO dasl_sync Finished school 001f400000EnXtD: running fact_rows=439450
INFO dasl_sync Finished school 001f400000EnXuQ: running fact_rows=439450
INFO dasl_sync Finished school 001f400000EnXvA: running fact_rows=439450
INFO dasl_sync Finished school 001f400000EnXum: running fact_rows=445060
INFO dasl_sync Finished school 001f400000EnXvJ: running fact_rows=445060
INFO dasl_sync Finished school 001f400000EnXxR: running fact_rows=450670
INFO dasl_sync Finished school 001f400000EnXtx: running fact_rows=450670
INFO dasl_sync Finished school 001f400000EnXtC: running fact_rows=450670
INFO dasl_sync Finished school 001f400000EnXwl: running fact_rows=450670
INFO dasl_sync Finished school 001PH00000Rx1Ke: running fact_rows=456280
INFO dasl_sync Finished school 001f400000EnXv5: running fact_rows=461890
WARNING dasl_sync DASL GET https://daslwebapi.azurewebsites.net/assocSchoolData/001f400000EnXw7 network error (HTTPSConnectionPool(host='daslwebapi.azurewebsites.net', port=443): Read timed out. (read timeout=60)), retry 1/5 in 2.0s
INFO dasl_sync Finished school 001f400000EnXw7: running fact_rows=467500
INFO dasl_sync Finished school 001f400000EnXth: running fact_rows=473110
INFO dasl_sync Finished school 001f400000EnXvN: running fact_rows=473110
INFO dasl_sync Finished school 001f400000EnXuo: running fact_rows=478720
INFO dasl_sync Finished school 001f400000EnXul: running fact_rows=478720
INFO dasl_sync Finished school 001f400000EnXsw: running fact_rows=484330
INFO dasl_sync Finished school 001f400000EnXvj: running fact_rows=484330
INFO dasl_sync Finished school 001f400000EnXtl: running fact_rows=486200
INFO dasl_sync Finished school 001f400000EnXuk: running fact_rows=491810
INFO dasl_sync Finished school 001f400000EnXuA: running fact_rows=491810
INFO dasl_sync API calls: 15300 (errors: 0). Fact rows: 491810
INFO dasl_sync Replacing dasl-493214.dasl.dim_school with 204 rows
INFO dasl_sync Replacing dasl-493214.dasl.dim_variable with 4503 rows
INFO dasl_sync Replacing dasl-493214.dasl.dim_lookup with 254 rows
INFO dasl_sync Deleting existing fact rows for 612 slices
INFO dasl_sync Appending 491810 rows to dasl-493214.dasl.fact_school_data
INFO dasl_sync Creating view dasl-493214.dasl.vw_school (26 columns)
INFO dasl_sync Creating view dasl-493214.dasl.vw_students (295 columns)
INFO dasl_sync Creating view dasl-493214.dasl.vw_admission_and_attrition (108 columns)
INFO dasl_sync Creating view dasl-493214.dasl.vw_tuition_and_fees (595 columns)
INFO dasl_sync Creating view dasl-493214.dasl.vw_financial_aid (116 columns)
INFO dasl_sync Creating view dasl-493214.dasl.vw_advancement (69 columns)
INFO dasl_sync Creating view dasl-493214.dasl.vw_employee_and_board_information (98 columns)
INFO dasl_sync Creating view dasl-493214.dasl.vw_employee_benefits_and_salary (71 columns)
INFO dasl_sync Creating view dasl-493214.dasl.vw_teacher_salaries (66 columns)
INFO dasl_sync Creating view dasl-493214.dasl.vw_administrator_information (237 columns)
INFO dasl_sync Creating view dasl-493214.dasl.vw_executive_compensation (120 columns)
INFO dasl_sync Creating view dasl-493214.dasl.vw_financial_operations (69 columns)
INFO dasl_sync Pipeline summary: {'years': [2024, 2025, 2026], 'schools_total': 205, 'schools_mapped': 204, 'variables': 4503, 'variables_with_data': 1870, 'lookup_groups': 26, 'fact_rows': 491810, 'api_calls': 15300, 'api_errors': 0, 'views_created': ['dasl-493214.dasl.vw_school', 'dasl-493214.dasl.vw_students', 'dasl-493214.dasl.vw_admission_and_attrition', 'dasl-493214.dasl.vw_tuition_and_fees', 'dasl-493214.dasl.vw_financial_aid', 'dasl-493214.dasl.vw_advancement', 'dasl-493214.dasl.vw_employee_and_board_information', 'dasl-493214.dasl.vw_employee_benefits_and_salary', 'dasl-493214.dasl.vw_teacher_salaries', 'dasl-493214.dasl.vw_administrator_information', 'dasl-493214.dasl.vw_executive_compensation', 'dasl-493214.dasl.vw_financial_operations']}
SUMMARY: {'years': [2024, 2025, 2026], 'schools_total': 205, 'schools_mapped': 204, 'variables': 4503, 'variables_with_data': 1870, 'lookup_groups': 26, 'fact_rows': 491810, 'api_calls': 15300, 'api_errors': 0, 'views_created': ['dasl-493214.dasl.vw_school', 'dasl-493214.dasl.vw_students', 'dasl-493214.dasl.vw_admission_and_attrition', 'dasl-493214.dasl.vw_tuition_and_fees', 'dasl-493214.dasl.vw_financial_aid', 'dasl-493214.dasl.vw_advancement', 'dasl-493214.dasl.vw_employee_and_board_information', 'dasl-493214.dasl.vw_employee_benefits_and_salary', 'dasl-493214.dasl.vw_teacher_salaries', 'dasl-493214.dasl.vw_administrator_information', 'dasl-493214.dasl.vw_executive_compensation', 'dasl-493214.dasl.vw_financial_operations']}
